// Jest Snapshot v1, https://goo.gl/fbAQLP

exports[`Pruebeas en <PriemraApp/> should shows <PrimeraApp/> successfuly 1`] = `
<Fragment>
  <h1>
    Hola, Soy Goku
  </h1>
  <p>
    Soy un subtitulo
  </p>
</Fragment>
`;
