// Jest Snapshot v1, https://goo.gl/fbAQLP

exports[`Testing GifGridItem Componetn should displays component correctly 1`] = `
<div
  className="card animate__animated animate__fadeIn"
>
  <img
    alt="test"
    src="http://localhost"
  />
  <p>
    test
  </p>
</div>
`;
